// Vitest Snapshot v1, https://vitest.dev/guide/snapshot.html

exports[`doublyTraverse > trace > trace matches snapshot for [1,2,3,4] 1`] = `
"algorithmId: doubly-traverse
steps: 8
finalResult: {"forward":[1,2,3,4],"backward":[4,3,2,1]}

step 0: line=2 narration="Forward pass — curr starts at head (value = 1)."
  vars: curr="1", direction="forward"
  nodes: {"n0":{"id":"n0","value":1,"nextId":"n1","prevId":null},"n1":{"id":"n1","value":2,"nextId":"n2","prevId":"n0"},"n2":{"id":"n2","value":3,"nextId":"n3","prevId":"n1"},"n3":{"id":"n3","value":4,"nextId":null,"prevId":"n2"}}
  headId: n0
  tailId: n3
  pointers: [[object Object]]
  doubly: true
step 1: line=3 narration="Forward: curr moves to next (value = 2)."
  vars: curr="2", direction="forward"
  nodes: {"n0":{"id":"n0","value":1,"nextId":"n1","prevId":null},"n1":{"id":"n1","value":2,"nextId":"n2","prevId":"n0"},"n2":{"id":"n2","value":3,"nextId":"n3","prevId":"n1"},"n3":{"id":"n3","value":4,"nextId":null,"prevId":"n2"}}
  headId: n0
  tailId: n3
  pointers: [[object Object]]
  doubly: true
step 2: line=3 narration="Forward: curr moves to next (value = 3)."
  vars: curr="3", direction="forward"
  nodes: {"n0":{"id":"n0","value":1,"nextId":"n1","prevId":null},"n1":{"id":"n1","value":2,"nextId":"n2","prevId":"n0"},"n2":{"id":"n2","value":3,"nextId":"n3","prevId":"n1"},"n3":{"id":"n3","value":4,"nextId":null,"prevId":"n2"}}
  headId: n0
  tailId: n3
  pointers: [[object Object]]
  doubly: true
step 3: line=3 narration="Forward: curr moves to next (value = 4)."
  vars: curr="4", direction="forward"
  nodes: {"n0":{"id":"n0","value":1,"nextId":"n1","prevId":null},"n1":{"id":"n1","value":2,"nextId":"n2","prevId":"n0"},"n2":{"id":"n2","value":3,"nextId":"n3","prevId":"n1"},"n3":{"id":"n3","value":4,"nextId":null,"prevId":"n2"}}
  headId: n0
  tailId: n3
  pointers: [[object Object]]
  doubly: true
step 4: line=5 narration="Backward pass — curr starts at tail (value = 4)."
  vars: curr="4", direction="backward"
  nodes: {"n0":{"id":"n0","value":1,"nextId":"n1","prevId":null},"n1":{"id":"n1","value":2,"nextId":"n2","prevId":"n0"},"n2":{"id":"n2","value":3,"nextId":"n3","prevId":"n1"},"n3":{"id":"n3","value":4,"nextId":null,"prevId":"n2"}}
  headId: n0
  tailId: n3
  pointers: [[object Object]]
  doubly: true
step 5: line=6 narration="Backward: curr moves to prev (value = 3)."
  vars: curr="3", direction="backward"
  nodes: {"n0":{"id":"n0","value":1,"nextId":"n1","prevId":null},"n1":{"id":"n1","value":2,"nextId":"n2","prevId":"n0"},"n2":{"id":"n2","value":3,"nextId":"n3","prevId":"n1"},"n3":{"id":"n3","value":4,"nextId":null,"prevId":"n2"}}
  headId: n0
  tailId: n3
  pointers: [[object Object]]
  doubly: true
step 6: line=6 narration="Backward: curr moves to prev (value = 2)."
  vars: curr="2", direction="backward"
  nodes: {"n0":{"id":"n0","value":1,"nextId":"n1","prevId":null},"n1":{"id":"n1","value":2,"nextId":"n2","prevId":"n0"},"n2":{"id":"n2","value":3,"nextId":"n3","prevId":"n1"},"n3":{"id":"n3","value":4,"nextId":null,"prevId":"n2"}}
  headId: n0
  tailId: n3
  pointers: [[object Object]]
  doubly: true
step 7: line=6 narration="Backward: curr moves to prev (value = 1)."
  vars: curr="1", direction="backward"
  nodes: {"n0":{"id":"n0","value":1,"nextId":"n1","prevId":null},"n1":{"id":"n1","value":2,"nextId":"n2","prevId":"n0"},"n2":{"id":"n2","value":3,"nextId":"n3","prevId":"n1"},"n3":{"id":"n3","value":4,"nextId":null,"prevId":"n2"}}
  headId: n0
  tailId: n3
  pointers: [[object Object]]
  doubly: true"
`;
