// Vitest Snapshot v1, https://vitest.dev/guide/snapshot.html

exports[`levelOrder > trace matches snapshot 1`] = `
"algorithmId: level-order
steps: 7
finalResult: [1,2,3,4,5,6]

step 0: line=3 narration="Initialize queue with root (1)"
  vars: queueSize=1
  nodes: {"n0":{"id":"n0","value":1,"leftId":"n1","rightId":"n2"},"n1":{"id":"n1","value":2,"leftId":"n3","rightId":"n4"},"n2":{"id":"n2","value":3,"leftId":null,"rightId":"n5"},"n3":{"id":"n3","value":4,"leftId":null,"rightId":null},"n4":{"id":"n4","value":5,"leftId":null,"rightId":null},"n5":{"id":"n5","value":6,"leftId":null,"rightId":null}}
  rootId: n0
  visited: []
  queue: [n0]
step 1: line=7 narration="Dequeue 1, enqueue children — queue size now 2"
  vars: current=1, queueSize=2, visitedCount=1
  nodes: {"n0":{"id":"n0","value":1,"leftId":"n1","rightId":"n2"},"n1":{"id":"n1","value":2,"leftId":"n3","rightId":"n4"},"n2":{"id":"n2","value":3,"leftId":null,"rightId":"n5"},"n3":{"id":"n3","value":4,"leftId":null,"rightId":null},"n4":{"id":"n4","value":5,"leftId":null,"rightId":null},"n5":{"id":"n5","value":6,"leftId":null,"rightId":null}}
  rootId: n0
  current: n0
  visited: [n0]
  queue: [n1,n2]
step 2: line=7 narration="Dequeue 2, enqueue children — queue size now 3"
  vars: current=2, queueSize=3, visitedCount=2
  nodes: {"n0":{"id":"n0","value":1,"leftId":"n1","rightId":"n2"},"n1":{"id":"n1","value":2,"leftId":"n3","rightId":"n4"},"n2":{"id":"n2","value":3,"leftId":null,"rightId":"n5"},"n3":{"id":"n3","value":4,"leftId":null,"rightId":null},"n4":{"id":"n4","value":5,"leftId":null,"rightId":null},"n5":{"id":"n5","value":6,"leftId":null,"rightId":null}}
  rootId: n0
  current: n1
  visited: [n0,n1]
  queue: [n2,n3,n4]
step 3: line=7 narration="Dequeue 3, enqueue children — queue size now 3"
  vars: current=3, queueSize=3, visitedCount=3
  nodes: {"n0":{"id":"n0","value":1,"leftId":"n1","rightId":"n2"},"n1":{"id":"n1","value":2,"leftId":"n3","rightId":"n4"},"n2":{"id":"n2","value":3,"leftId":null,"rightId":"n5"},"n3":{"id":"n3","value":4,"leftId":null,"rightId":null},"n4":{"id":"n4","value":5,"leftId":null,"rightId":null},"n5":{"id":"n5","value":6,"leftId":null,"rightId":null}}
  rootId: n0
  current: n2
  visited: [n0,n1,n2]
  queue: [n3,n4,n5]
step 4: line=7 narration="Dequeue 4, enqueue children — queue size now 2"
  vars: current=4, queueSize=2, visitedCount=4
  nodes: {"n0":{"id":"n0","value":1,"leftId":"n1","rightId":"n2"},"n1":{"id":"n1","value":2,"leftId":"n3","rightId":"n4"},"n2":{"id":"n2","value":3,"leftId":null,"rightId":"n5"},"n3":{"id":"n3","value":4,"leftId":null,"rightId":null},"n4":{"id":"n4","value":5,"leftId":null,"rightId":null},"n5":{"id":"n5","value":6,"leftId":null,"rightId":null}}
  rootId: n0
  current: n3
  visited: [n0,n1,n2,n3]
  queue: [n4,n5]
step 5: line=7 narration="Dequeue 5, enqueue children — queue size now 1"
  vars: current=5, queueSize=1, visitedCount=5
  nodes: {"n0":{"id":"n0","value":1,"leftId":"n1","rightId":"n2"},"n1":{"id":"n1","value":2,"leftId":"n3","rightId":"n4"},"n2":{"id":"n2","value":3,"leftId":null,"rightId":"n5"},"n3":{"id":"n3","value":4,"leftId":null,"rightId":null},"n4":{"id":"n4","value":5,"leftId":null,"rightId":null},"n5":{"id":"n5","value":6,"leftId":null,"rightId":null}}
  rootId: n0
  current: n4
  visited: [n0,n1,n2,n3,n4]
  queue: [n5]
step 6: line=7 narration="Dequeue 6, enqueue children — queue size now 0"
  vars: current=6, queueSize=0, visitedCount=6
  nodes: {"n0":{"id":"n0","value":1,"leftId":"n1","rightId":"n2"},"n1":{"id":"n1","value":2,"leftId":"n3","rightId":"n4"},"n2":{"id":"n2","value":3,"leftId":null,"rightId":"n5"},"n3":{"id":"n3","value":4,"leftId":null,"rightId":null},"n4":{"id":"n4","value":5,"leftId":null,"rightId":null},"n5":{"id":"n5","value":6,"leftId":null,"rightId":null}}
  rootId: n0
  current: n5
  visited: [n0,n1,n2,n3,n4,n5]
  queue: []"
`;
